[    0.000000] Linux version 4.15.0-206-generic (buildd@lcy02-amd64-070) (gcc version 7.5.0 (Ubuntu 7.5.0-3ubuntu1~18.04)) #217-Ubuntu SMP Fri Feb 3 19:10:13 UTC 2023 (Ubuntu 4.15.0-206.217-generic 4.15.18)
[    0.000000] Command line: BOOT_IMAGE=/boot/vmlinuz-4.15.0-206-generic root=LABEL=cloudimg-rootfs ro console=tty1 console=ttyS0
[    0.000000] KERNEL supported cpus:
[    0.000000]   Intel GenuineIntel
[    0.000000]   AMD AuthenticAMD
[    0.000000]   Centaur CentaurHauls
[    0.000000] x86/fpu: x87 FPU will use FXSAVE
[    0.000000] e820: BIOS-provided physical RAM map:
[    0.000000] BIOS-e820: [mem 0x0000000000000000-0x000000000009fbff] usable
[    0.000000] BIOS-e820: [mem 0x000000000009fc00-0x000000000009ffff] reserved
[    0.000000] BIOS-e820: [mem 0x00000000000f0000-0x00000000000fffff] reserved
[    0.000000] BIOS-e820: [mem 0x0000000000100000-0x000000001ffeffff] usable
[    0.000000] BIOS-e820: [mem 0x000000001fff0000-0x000000001fffffff] ACPI data
[    0.000000] BIOS-e820: [mem 0x00000000fec00000-0x00000000fec00fff] reserved
[    0.000000] BIOS-e820: [mem 0x00000000fee00000-0x00000000fee00fff] reserved
[    0.000000] BIOS-e820: [mem 0x00000000fffc0000-0x00000000ffffffff] reserved
[    0.000000] NX (Execute Disable) protection: active
[    0.000000] SMBIOS 2.5 present.
[    0.000000] DMI: innotek GmbH VirtualBox/VirtualBox, BIOS VirtualBox 12/01/2006
[    0.000000] Hypervisor detected: KVM
[    0.000000] e820: last_pfn = 0x1fff0 max_arch_pfn = 0x400000000
[    0.000000] MTRR: Disabled
[    0.000000] x86/PAT: MTRRs disabled, skipping PAT initialization too.
[    0.000000] CPU MTRRs all blank - virtualized system.
[    0.000000] x86/PAT: Configuration [0-7]: WB  WT  UC- UC  WB  WT  UC- UC  
[    0.000000] found SMP MP-table at [mem 0x0009fff0-0x0009ffff]
[    0.000000] Scanning 1 areas for low memory corruption
[    0.000000] RAMDISK: [mem 0x1db00000-0x1ee12fff]
[    0.000000] ACPI: Early table checksum verification disabled
[    0.000000] ACPI: RSDP 0x00000000000E0000 000024 (v02 VBOX  )
[    0.000000] ACPI: XSDT 0x000000001FFF0030 00003C (v01 VBOX   VBOXXSDT 00000001 ASL  00000061)
[    0.000000] ACPI: FACP 0x000000001FFF00F0 0000F4 (v04 VBOX   VBOXFACP 00000001 ASL  00000061)
[    0.000000] ACPI: DSDT 0x000000001FFF0610 002353 (v02 VBOX   VBOXBIOS 00000002 INTL 20100528)
[    0.000000] ACPI: FACS 0x000000001FFF0200 000040
[    0.000000] ACPI: FACS 0x000000001FFF0200 000040
[    0.000000] ACPI: APIC 0x000000001FFF0240 00005C (v02 VBOX   VBOXAPIC 00000001 ASL  00000061)
[    0.000000] ACPI: SSDT 0x000000001FFF02A0 00036C (v01 VBOX   VBOXCPUT 00000002 INTL 20100528)
[    0.000000] ACPI: Reserving FACP table memory at [mem 0x1fff00f0-0x1fff01e3]
[    0.000000] ACPI: Reserving DSDT table memory at [mem 0x1fff0610-0x1fff2962]
[    0.000000] ACPI: Reserving FACS table memory at [mem 0x1fff0200-0x1fff023f]
[    0.000000] ACPI: Reserving FACS table memory at [mem 0x1fff0200-0x1fff023f]
[    0.000000] ACPI: Reserving APIC table memory at [mem 0x1fff0240-0x1fff029b]
[    0.000000] ACPI: Reserving SSDT table memory at [mem 0x1fff02a0-0x1fff060b]
[    0.000000] No NUMA configuration found
[    0.000000] Faking a node at [mem 0x0000000000000000-0x000000001ffeffff]
[    0.000000] NODE_DATA(0) allocated [mem 0x1ffc5000-0x1ffeffff]
[    0.000000] kvm-clock: cpu 0, msr 0:1ff44001, primary cpu clock
[    0.000000] kvm-clock: Using msrs 4b564d01 and 4b564d00
[    0.000000] kvm-clock: using sched offset of 4075259290 cycles
[    0.000000] clocksource: kvm-clock: mask: 0xffffffffffffffff max_cycles: 0x1cd42e4dffb, max_idle_ns: 881590591483 ns
[    0.000000] Zone ranges:
[    0.000000]   DMA      [mem 0x0000000000001000-0x0000000000ffffff]
[    0.000000]   DMA32    [mem 0x0000000001000000-0x000000001ffeffff]
[    0.000000]   Normal   empty
[    0.000000]   Device   empty
[    0.000000] Movable zone start for each node
[    0.000000] Early memory node ranges
[    0.000000]   node   0: [mem 0x0000000000001000-0x000000000009efff]
[    0.000000]   node   0: [mem 0x0000000000100000-0x000000001ffeffff]
[    0.000000] Reserved but unavailable: 104 pages
[    0.000000] Initmem setup node 0 [mem 0x0000000000001000-0x000000001ffeffff]
[    0.000000] ACPI: PM-Timer IO Port: 0x4008
[    0.000000] IOAPIC[0]: apic_id 2, version 32, address 0xfec00000, GSI 0-23
[    0.000000] ACPI: INT_SRC_OVR (bus 0 bus_irq 0 global_irq 2 dfl dfl)
[    0.000000] ACPI: INT_SRC_OVR (bus 0 bus_irq 9 global_irq 9 low level)
[    0.000000] Using ACPI (MADT) for SMP configuration information
[    0.000000] smpboot: Allowing 2 CPUs, 0 hotplug CPUs
[    0.000000] PM: Registered nosave memory: [mem 0x00000000-0x00000fff]
[    0.000000] PM: Registered nosave memory: [mem 0x0009f000-0x0009ffff]
[    0.000000] PM: Registered nosave memory: [mem 0x000a0000-0x000effff]
[    0.000000] PM: Registered nosave memory: [mem 0x000f0000-0x000fffff]
[    0.000000] e820: [mem 0x20000000-0xfebfffff] available for PCI devices
[    0.000000] Booting paravirtualized kernel on KVM
[    0.000000] clocksource: refined-jiffies: mask: 0xffffffff max_cycles: 0xffffffff, max_idle_ns: 7645519600211568 ns
[    0.000000] setup_percpu: NR_CPUS:8192 nr_cpumask_bits:2 nr_cpu_ids:2 nr_node_ids:1
[    0.000000] percpu: Embedded 50 pages/cpu s167936 r8192 d28672 u1048576
[    0.000000] PV qspinlock hash table entries: 256 (order: 0, 4096 bytes)
[    0.000000] Built 1 zonelists, mobility grouping on.  Total pages: 128889
[    0.000000] Policy zone: DMA32
[    0.000000] Kernel command line: BOOT_IMAGE=/boot/vmlinuz-4.15.0-206-generic root=LABEL=cloudimg-rootfs ro console=tty1 console=ttyS0
[    0.000000] Memory: 466544K/523832K available (12300K kernel code, 2477K rwdata, 4324K rodata, 2480K init, 2720K bss, 57288K reserved, 0K cma-reserved)
[    0.000000] SLUB: HWalign=64, Order=0-3, MinObjects=0, CPUs=2, Nodes=1
[    0.000000] ftrace: allocating 39485 entries in 155 pages
[    0.004000] Hierarchical RCU implementation.
[    0.004000] 	RCU restricting CPUs from NR_CPUS=8192 to nr_cpu_ids=2.
[    0.004000] 	Tasks RCU enabled.
[    0.004000] RCU: Adjusting geometry for rcu_fanout_leaf=16, nr_cpu_ids=2
[    0.004000] NR_IRQS: 524544, nr_irqs: 440, preallocated irqs: 16
[    0.004000] random: crng init done
[    0.004000] Console: colour VGA+ 80x25
[    0.004000] console [tty1] enabled
[    0.004000] console [ttyS0] enabled
[    0.004000] ACPI: Core revision 20170831
[    0.004000] ACPI: 2 ACPI AML tables successfully acquired and loaded
[    0.004000] APIC: Switch to symmetric I/O mode setup
[    0.004000] ..TIMER: vector=0x30 apic1=0 pin1=2 apic2=-1 pin2=-1
[    0.004007] tsc: Detected 2304.006 MHz processor
[    0.008012] Calibrating delay loop (skipped) preset value.. 4608.01 BogoMIPS (lpj=9216024)
[    0.012009] pid_max: default: 32768 minimum: 301
[    0.016040] Security Framework initialized
[    0.020006] Yama: becoming mindful.
[    0.024029] AppArmor: AppArmor initialized
[    0.028100] Dentry cache hash table entries: 65536 (order: 7, 524288 bytes)
[    0.032154] Inode-cache hash table entries: 32768 (order: 6, 262144 bytes)
[    0.036038] Mount-cache hash table entries: 1024 (order: 1, 8192 bytes)
[    0.040019] Mountpoint-cache hash table entries: 1024 (order: 1, 8192 bytes)
[    0.050239] Last level iTLB entries: 4KB 64, 2MB 8, 4MB 8
[    0.052010] Last level dTLB entries: 4KB 64, 2MB 0, 4MB 0, 1GB 4
[    0.056011] Spectre V1 : Mitigation: usercopy/swapgs barriers and __user pointer sanitization
[    0.060011] Spectre V2 : Mitigation: Enhanced IBRS
[    0.064008] Spectre V2 : Spectre v2 / SpectreRSB mitigation: Filling RSB on context switch
[    0.068006] Spectre V2 : Spectre v2 / PBRSB-eIBRS: Retire a single CALL on VMEXIT
[    0.072010] RETBleed: Mitigation: Enhanced IBRS
[    0.076007] Speculative Store Bypass: Vulnerable
[    0.080072] MMIO Stale Data: Vulnerable: Clear CPU buffers attempted, no microcode
[    0.088007] SRBDS: Unknown: Dependent on hypervisor status
[    0.092235] Freeing SMP alternatives memory: 36K
[    0.212000] smpboot: CPU0: Intel(R) Core(TM) i7-10510U CPU @ 1.80GHz (family: 0x6, model: 0x8e, stepping: 0xc)
[    0.212109] Performance Events: unsupported p6 CPU model 142 no PMU driver, software events only.
[    0.216077] Hierarchical SRCU implementation.
[    0.224665] NMI watchdog: Perf event create on CPU 0 failed with -2
[    0.228006] NMI watchdog: Perf NMI watchdog permanently disabled
[    0.232095] smp: Bringing up secondary CPUs ...
[    0.236141] x86: Booting SMP configuration:
[    0.240005] .... node  #0, CPUs:      #1
[    0.004000] kvm-clock: cpu 1, msr 0:1ff44041, secondary cpu clock
[    0.255717] TSC synchronization [CPU#0 -> CPU#1]:
[    0.256000] Measured 82776 cycles TSC warp between CPUs, turning off TSC clock.
[    0.256000] tsc: Marking TSC unstable due to check_tsc_sync_source failed
[    0.260401] smp: Brought up 1 node, 2 CPUs
[    0.264008] smpboot: Max logical packages: 1
[    0.268007] smpboot: Total of 2 processors activated (9216.02 BogoMIPS)
[    0.276155] devtmpfs: initialized
[    0.280070] x86/mm: Memory block size: 128MB
[    0.284116] evm: security.selinux
[    0.288004] evm: security.SMACK64
[    0.292004] evm: security.SMACK64EXEC
[    0.296003] evm: security.SMACK64TRANSMUTE
[    0.300004] evm: security.SMACK64MMAP
[    0.304004] evm: security.apparmor
[    0.308003] evm: security.ima
[    0.312004] evm: security.capability
[    0.320266] clocksource: jiffies: mask: 0xffffffff max_cycles: 0xffffffff, max_idle_ns: 7645041785100000 ns
[    0.324024] futex hash table entries: 512 (order: 3, 32768 bytes)
[    0.328075] pinctrl core: initialized pinctrl subsystem
[    0.332547] RTC time: 17:02:59, date: 03/28/23
[    0.340030] NET: Registered protocol family 16
[    0.344128] audit: initializing netlink subsys (disabled)
[    0.348193] audit: type=2000 audit(1680022983.681:1): state=initialized audit_enabled=0 res=1
[    0.360014] cpuidle: using governor ladder
[    0.364022] cpuidle: using governor menu
[    0.368059] ACPI: bus type PCI registered
[    0.372008] acpiphp: ACPI Hot Plug PCI Controller Driver version: 0.5
[    0.376331] PCI: Using configuration type 1 for base access
[    0.388364] HugeTLB registered 2.00 MiB page size, pre-allocated 0 pages
[    0.396355] ACPI: Added _OSI(Module Device)
[    0.400007] ACPI: Added _OSI(Processor Device)
[    0.404006] ACPI: Added _OSI(3.0 _SCP Extensions)
[    0.408004] ACPI: Added _OSI(Processor Aggregator Device)
[    0.412008] ACPI: Added _OSI(Linux-Dell-Video)
[    0.416006] ACPI: Added _OSI(Linux-Lenovo-NV-HDMI-Audio)
[    0.420008] ACPI: Added _OSI(Linux-HPI-Hybrid-Graphics)
[    0.424943] ACPI: Executed 1 blocks of module-level executable AML code
[    0.434070] ACPI: Interpreter enabled
[    0.436018] ACPI: (supports S0 S5)
[    0.440004] ACPI: Using IOAPIC for interrupt routing
[    0.444697] PCI: Using host bridge windows from ACPI; if necessary, use "pci=nocrs" and report a bug
[    0.448435] ACPI: Enabled 2 GPEs in block 00 to 07
[    0.466349] ACPI: PCI Root Bridge [PCI0] (domain 0000 [bus 00-ff])
[    0.468018] acpi PNP0A03:00: _OSC: OS supports [ASPM ClockPM Segments MSI]
[    0.473124] acpi PNP0A03:00: _OSC: not requesting OS control; OS requires [ExtendedConfig ASPM ClockPM MSI]
[    0.476025] acpi PNP0A03:00: fail to add MMCONFIG information, can't access extended PCI configuration space under this bridge.
[    0.481029] PCI host bridge to bus 0000:00
[    0.484010] pci_bus 0000:00: root bus resource [io  0x0000-0x0cf7 window]
[    0.488009] pci_bus 0000:00: root bus resource [io  0x0d00-0xffff window]
[    0.492010] pci_bus 0000:00: root bus resource [mem 0x000a0000-0x000bffff window]
[    0.500021] pci_bus 0000:00: root bus resource [mem 0x20000000-0xfdffffff window]
[    0.504010] pci_bus 0000:00: root bus resource [bus 00-ff]
[    0.517610] pci 0000:00:01.1: legacy IDE quirk: reg 0x10: [io  0x01f0-0x01f7]
[    0.520008] pci 0000:00:01.1: legacy IDE quirk: reg 0x14: [io  0x03f6]
[    0.524007] pci 0000:00:01.1: legacy IDE quirk: reg 0x18: [io  0x0170-0x0177]
[    0.528007] pci 0000:00:01.1: legacy IDE quirk: reg 0x1c: [io  0x0376]
[    0.562981] pci 0000:00:07.0: quirk: [io  0x4000-0x403f] claimed by PIIX4 ACPI
[    0.564064] pci 0000:00:07.0: quirk: [io  0x4100-0x410f] claimed by PIIX4 SMB
[    0.587335] ACPI: PCI Interrupt Link [LNKA] (IRQs 5 9 10 *11)
[    0.592840] ACPI: PCI Interrupt Link [LNKB] (IRQs 5 9 *10 11)
[    0.596413] ACPI: PCI Interrupt Link [LNKC] (IRQs 5 *9 10 11)
[    0.600386] ACPI: PCI Interrupt Link [LNKD] (IRQs 5 9 10 *11)
[    0.605109] SCSI subsystem initialized
[    0.612162] pci 0000:00:02.0: vgaarb: setting as boot VGA device
[    0.616000] pci 0000:00:02.0: vgaarb: VGA device added: decodes=io+mem,owns=io+mem,locks=none
[    0.616013] pci 0000:00:02.0: vgaarb: bridge control possible
[    0.620007] vgaarb: loaded
[    0.624090] ACPI: bus type USB registered
[    0.628066] usbcore: registered new interface driver usbfs
[    0.632095] usbcore: registered new interface driver hub
[    0.636030] usbcore: registered new device driver usb
[    0.640445] EDAC MC: Ver: 3.0.0
[    0.648177] PCI: Using ACPI for IRQ routing
[    0.653129] NetLabel: Initializing
[    0.656003] NetLabel:  domain hash size = 128
[    0.660005] NetLabel:  protocols = UNLABELED CIPSOv4 CALIPSO
[    0.664026] NetLabel:  unlabeled traffic allowed by default
[    0.668344] clocksource: Switched to clocksource kvm-clock
[    0.695503] VFS: Disk quotas dquot_6.6.0
[    0.695503] VFS: Dquot-cache hash table entries: 512 (order 0, 4096 bytes)
[    0.695503] AppArmor: AppArmor Filesystem Enabled
[    0.695503] pnp: PnP ACPI init
[    0.695503] pnp: PnP ACPI: found 3 devices
[    0.815657] clocksource: acpi_pm: mask: 0xffffff max_cycles: 0xffffff, max_idle_ns: 2085701024 ns
[    0.816471] NET: Registered protocol family 2
[    0.816471] IP idents hash table entries: 8192 (order: 4, 65536 bytes)
[    0.838315] TCP established hash table entries: 4096 (order: 3, 32768 bytes)
[    0.847216] TCP bind hash table entries: 4096 (order: 4, 65536 bytes)
[    0.854708] TCP: Hash tables configured (established 4096 bind 4096)
[    0.858327] UDP hash table entries: 256 (order: 1, 8192 bytes)
[    0.858327] UDP-Lite hash table entries: 256 (order: 1, 8192 bytes)
[    0.858327] NET: Registered protocol family 1
[    0.858327] pci 0000:00:00.0: Limiting direct PCI/PCI transfers
[    0.858327] pci 0000:00:01.0: Activating ISA DMA hang workarounds
[    0.858327] pci 0000:00:02.0: Video device with shadowed ROM at [mem 0x000c0000-0x000dffff]
[    0.858327] Unpacking initramfs...
[    1.547966] Freeing initrd memory: 19532K
[    1.554468] clocksource: tsc: mask: 0xffffffffffffffff max_cycles: 0x2135fd711f6, max_idle_ns: 440795262176 ns
[    1.565729] platform rtc_cmos: registered platform RTC device (no PNP device found)
[    1.574244] Scanning for low memory corruption every 60 seconds
[    1.583533] Initialise system trusted keyrings
[    1.588602] Key type blacklist registered
[    1.594988] workingset: timestamp_bits=36 max_order=17 bucket_order=0
[    1.605732] zbud: loaded
[    1.610525] squashfs: version 4.0 (2009/01/31) Phillip Lougher
[    1.620960] fuse init (API version 7.26)
[    1.670905] Key type asymmetric registered
[    1.677343] Asymmetric key parser 'x509' registered
[    1.684230] Block layer SCSI generic (bsg) driver version 0.4 loaded (major 246)
[    1.694716] io scheduler noop registered
[    1.700460] io scheduler deadline registered
[    1.705721] io scheduler cfq registered (default)
[    1.712046] ACPI: AC Adapter [AC] (on-line)
[    1.716794] input: Power Button as /devices/LNXSYSTM:00/LNXPWRBN:00/input/input0
[    1.726111] ACPI: Power Button [PWRF]
[    1.731518] input: Sleep Button as /devices/LNXSYSTM:00/LNXSLPBN:00/input/input1
[    1.741656] ACPI: Sleep Button [SLPF]
[    1.746697] Serial: 8250/16550 driver, 32 ports, IRQ sharing enabled
[    1.748711] ACPI: Battery Slot [BAT0] (battery present)
[    1.796302] 00:02: ttyS0 at I/O 0x3f8 (irq = 4, base_baud = 115200) is a 16550A
[    1.807686] Linux agpgart interface v0.103
[    1.816217] loop: module loaded
[    1.825239] scsi host0: ata_piix
[    1.831480] scsi host1: ata_piix
[    1.835742] ata1: PATA max UDMA/33 cmd 0x1f0 ctl 0x3f6 bmdma 0xd000 irq 14
[    1.844002] ata2: PATA max UDMA/33 cmd 0x170 ctl 0x376 bmdma 0xd008 irq 15
[    1.852043] tun: Universal TUN/TAP device driver, 1.6
[    1.858863] PPP generic driver version 2.4.2
[    1.865121] ehci_hcd: USB 2.0 'Enhanced' Host Controller (EHCI) Driver
[    1.873256] ehci-pci: EHCI PCI platform driver
[    1.878695] ehci-platform: EHCI generic platform driver
[    1.885820] ohci_hcd: USB 1.1 'Open' Host Controller (OHCI) Driver
[    1.893104] ohci-pci: OHCI PCI platform driver
[    1.898568] ohci-platform: OHCI generic platform driver
[    1.908613] uhci_hcd: USB Universal Host Controller Interface driver
[    1.915970] i8042: PNP: PS/2 Controller [PNP0303:PS2K,PNP0f03:PS2M] at 0x60,0x64 irq 1,12
[    1.930548] serio: i8042 KBD port at 0x60,0x64 irq 1
[    1.936220] serio: i8042 AUX port at 0x60,0x64 irq 12
[    1.941979] mousedev: PS/2 mouse device common for all mice
[    1.950811] input: AT Translated Set 2 keyboard as /devices/platform/i8042/serio0/input/input2
[    1.962196] rtc_cmos rtc_cmos: rtc core: registered rtc_cmos as rtc0
[    1.971898] rtc_cmos rtc_cmos: alarms up to one day, 114 bytes nvram
[    1.979466] i2c /dev entries driver
[    1.983948] device-mapper: uevent: version 1.0.3
[    1.989990] device-mapper: ioctl: 4.37.0-ioctl (2017-09-20) initialised: dm-devel@redhat.com
[    1.999929] ledtrig-cpu: registered to indicate activity on CPUs
[    2.011285] NET: Registered protocol family 10
[    2.086742] Segment Routing with IPv6
[    2.091719] NET: Registered protocol family 17
[    2.099507] Key type dns_resolver registered
[    2.105174] mce: Using 0 MCE banks
[    2.109811] RAS: Correctable Errors collector initialized.
[    2.116676] sched_clock: Marking stable (2116604924, 0)->(3190183448, -1073578524)
[    2.129410] registered taskstats version 1
[    2.135640] Loading compiled-in X.509 certificates
[    2.147074] Loaded X.509 cert 'Build time autogenerated kernel key: 4d405f87ce750406625b929cd2e51cc76ab5bcf4'
[    2.160514] Loaded X.509 cert 'Canonical Ltd. Live Patch Signing: 14df34d1a87cf37625abec039ef2bf521249b969'
[    2.173018] Loaded X.509 cert 'Canonical Ltd. Kernel Module Signing: 88f752e560a1e0737e31163a466ad7b70a850c19'
[    2.185741] blacklist: Loading compiled-in revocation X.509 certificates
[    2.194018] Loaded X.509 cert 'Canonical Ltd. Secure Boot Signing: 61482aa2830d0ab2ad5af10b7250da9033ddcef0'
[    2.207005] Loaded X.509 cert 'Canonical Ltd. Secure Boot Signing (2017): 242ade75ac4a15e50d50c84b0d45ff3eae707a03'
[    2.223159] Loaded X.509 cert 'Canonical Ltd. Secure Boot Signing (ESM 2018): 365188c1d374d6b07c3c8f240f8ef722433d6a8b'
[    2.235840] Loaded X.509 cert 'Canonical Ltd. Secure Boot Signing (2019): c0746fd6c5da3ae827864651ad66ae47fe24b3e8'
[    2.248875] Loaded X.509 cert 'Canonical Ltd. Secure Boot Signing (2021 v1): a8d54bbb3825cfb94fa13c9f8a594a195c107b8d'
[    2.261779] Loaded X.509 cert 'Canonical Ltd. Secure Boot Signing (2021 v2): 4cf046892d6fd3c9a5b03f98d845f90851dc6a8c'
[    2.275702] Loaded X.509 cert 'Canonical Ltd. Secure Boot Signing (2021 v3): 100437bb6de6e469b581e61cd66bce3ef4ed53af'
[    2.288431] Loaded X.509 cert 'Canonical Ltd. Secure Boot Signing (Ubuntu Core 2019): c1d57b8f6b743f23ee41f4f7ee292f06eecadfb9'
[    2.304122] zswap: loaded using pool lzo/zbud
[    2.324485] Key type big_key registered
[    2.330277] Key type trusted registered
[    2.342697] Key type encrypted registered
[    2.348492] AppArmor: AppArmor sha1 policy hashing enabled
[    2.356609] ima: No TPM chip found, activating TPM-bypass! (rc=-19)
[    2.364389] ima: Allocated hash algorithm: sha1
[    2.370741] evm: HMAC attrs: 0x1
[    2.378037]   Magic number: 15:849:37
[    2.384487] bdi 7:2: hash matches
[    2.391916] rtc_cmos rtc_cmos: setting system clock to 2023-03-28 17:03:01 UTC (1680022981)
[    2.406104] BIOS EDD facility v0.16 2004-Jun-25, 0 devices found
[    2.415949] EDD information not available.
[    2.427380] Freeing unused kernel image memory: 2480K
[    2.452567] Write protecting the kernel read-only data: 20480k
[    2.465911] Freeing unused kernel image memory: 2008K
[    2.509240] Freeing unused kernel image memory: 1820K
[    2.557956] x86/mm: Checked W+X mappings: passed, no W+X pages found.
Loading, please wait...
starting version 237
[    2.706167] e1000: Intel(R) PRO/1000 Network Driver - version 7.3.21-k8-NAPI
[    2.715964] e1000: Copyright (c) 1999-2006 Intel Corporation.
[    2.730783] Fusion MPT base driver 3.04.20
[    2.737930] Copyright (c) 1999-2008 LSI Corporation
[    2.826976] Fusion MPT SPI Host driver 3.04.20
[    2.845780] SSE version of gcm_enc/dec engaged.
[    3.118469] input: ImExPS/2 Generic Explorer Mouse as /devices/platform/i8042/serio1/input/input4
[    3.840590] e1000 0000:00:03.0 eth0: (PCI:33MHz:32-bit) 02:68:0a:01:d2:87
[    3.847756] e1000 0000:00:03.0 eth0: Intel(R) PRO/1000 Network Connection
[    4.539528] e1000 0000:00:08.0 eth1: (PCI:33MHz:32-bit) 08:00:27:a1:dd:39
[    4.546823] e1000 0000:00:08.0 eth1: Intel(R) PRO/1000 Network Connection
[    4.558281] e1000 0000:00:03.0 enp0s3: renamed from eth0
[    4.564802] mptbase: ioc0: Initiating bringup
[    4.584805] e1000 0000:00:08.0 enp0s8: renamed from eth1
[    4.702502] ioc0: LSI53C1030 A0: Capabilities={Initiator}
[    4.964875] scsi host2: ioc0: LSI53C1030 A0, FwRev=00000000h, Ports=1, MaxQ=256, IRQ=20
[    5.142027] scsi 2:0:0:0: Direct-Access     VBOX     HARDDISK         1.0  PQ: 0 ANSI: 5
[    6.058268] scsi target2:0:0: Beginning Domain Validation
[    6.069294] scsi target2:0:0: Domain Validation skipping write tests
[    6.074762] scsi target2:0:0: Ending Domain Validation
[    6.079434] scsi target2:0:0: asynchronous
[    6.085318] scsi 2:0:1:0: Direct-Access     VBOX     HARDDISK         1.0  PQ: 0 ANSI: 5
[    7.012702] scsi target2:0:1: Beginning Domain Validation
[    7.023572] scsi target2:0:1: Domain Validation skipping write tests
[    7.029666] scsi target2:0:1: Ending Domain Validation
[    7.035259] scsi target2:0:1: asynchronous
[    7.052180] sd 2:0:0:0: Attached scsi generic sg0 type 0
[    7.066713] sd 2:0:1:0: Attached scsi generic sg1 type 0
[    7.076903] sd 2:0:0:0: [sda] 83886080 512-byte logical blocks: (42.9 GB/40.0 GiB)
[    7.085515] sd 2:0:1:0: [sdb] 20480 512-byte logical blocks: (10.5 MB/10.0 MiB)
[    7.097907] sd 2:0:0:0: [sda] Write Protect is off
[    7.104402] sd 2:0:1:0: [sdb] Write Protect is off
[    7.111025] sd 2:0:1:0: [sdb] Incomplete mode parameter data
[    7.111252] sd 2:0:0:0: [sda] Incomplete mode parameter data
[    7.117187] sd 2:0:1:0: [sdb] Assuming drive cache: write through
[    7.125091] sd 2:0:0:0: [sda] Assuming drive cache: write through
[    7.150876]  sda: sda1
[    7.156691] sd 2:0:1:0: [sdb] Attached SCSI disk
[    7.165546] sd 2:0:0:0: [sda] Attached SCSI disk
Begin: Loading essential drivers ... [    9.845358] raid6: sse2x1   gen()  8225 MB/s
[    9.896627] raid6: sse2x1   xor()  4919 MB/s
[    9.948820] raid6: sse2x2   gen()  9928 MB/s
[   10.000553] raid6: sse2x2   xor()  6463 MB/s
[   10.052646] raid6: sse2x4   gen() 10325 MB/s
[   10.105268] raid6: sse2x4   xor()  6576 MB/s
[   10.111730] raid6: using algorithm sse2x4 gen() 10325 MB/s
[   10.118068] raid6: .... xor() 6576 MB/s, rmw enabled
[   10.123435] raid6: using ssse3x2 recovery algorithm
[   10.133072] xor: measuring software checksum speed
[   10.176376]    prefetch64-sse: 21011.000 MB/sec
[   10.221239]    generic_sse: 18228.000 MB/sec
[   10.226576] xor: using function: prefetch64-sse (21011.000 MB/sec)
[   10.236735] async_tx: api initialized (async)
done.
Begin: Running /scripts/init-premount ... done.
Begin: Mounting root file system ... Begin: Running /scripts/local-top ... done.
Begin: Running /scripts/local-premount ... [   10.326340] Btrfs loaded, crc32c=crc32c-intel
Scanning for Btrfs filesystems
done.
Warning: fsck not present, so skipping root file system
[   10.406408] EXT4-fs (sda1): mounted filesystem with ordered data mode. Opts: (null)
done.
Begin: Running /scripts/local-bottom ... done.
Begin: Running /scripts/init-bottom ... done.
[   10.697287] ip_tables: (C) 2000-2006 Netfilter Core Team
[   10.722299] systemd[1]: systemd 237 running in system mode. (+PAM +AUDIT +SELINUX +IMA +APPARMOR +SMACK +SYSVINIT +UTMP +LIBCRYPTSETUP +GCRYPT +GNUTLS +ACL +XZ +LZ4 +SECCOMP +BLKID +ELFUTILS +KMOD -IDN2 +IDN -PCRE2 default-hierarchy=hybrid)
[   10.742010] systemd[1]: Detected virtualization oracle.
[   10.747055] systemd[1]: Detected architecture x86-64.

Welcome to [1mUbuntu 18.04.6 LTS[0m!

[   10.799748] systemd[1]: Set hostname to <ubuntu>.
[   10.813381] systemd[1]: Initializing machine ID from random generator.
[   10.820222] systemd[1]: Installed transient /etc/machine-id file.
[   11.196543] systemd[1]: Set up automount Arbitrary Executable File Formats File System Automount Point.
[[0;32m  OK  [0m] Set up automount Arbitrary Executabâ€¦rmats File System Automount Point.
[   11.209854] systemd[1]: Started Forward Password Requests to Wall Directory Watch.
[[0;32m  OK  [0m] Started Forward Password Requests to Wall Directory Watch.
[   11.235809] systemd[1]: Created slice User and Session Slice.
[[0;32m  OK  [0m] Created slice User and Session Slice.
[   11.245685] systemd[1]: Reached target Swap.
[[0;32m  OK  [0m] Reached target Swap.
[[0;32m  OK  [0m] Created slice System Slice.
[[0;32m  OK  [0m] Listening on udev Kernel Socket.
[[0;32m  OK  [0m] Listening on Syslog Socket.
[[0;32m  OK  [0m] Listening on /dev/initctl Compatibility Named Pipe.
[[0;32m  OK  [0m] Listening on Journal Socket.
         Starting Set the console keyboard layout...
         Starting Create list of required stâ€¦ce nodes for the current kernel...
[[0;32m  OK  [0m] Reached target Slices.
         Mounting Huge Pages File System...
         Starting Load Kernel Modules...
[[0;32m  OK  [0m] Listening on Journal Socket (/dev/log).
[[0;32m  OK  [0m] Created slice system-serial\x2dgetty.slice.
         Mounting Kernel Debug File System...
         Starting Uncomplicated firewall...
[[0;32m  OK  [0m] Listening on Network Service Netlink Socket.
[[0;32m  OK  [0m] Listening on fsck to fsckd communication Socket.
[[0;32m  OK  [0m] Reached target User and Group Name Lookups.
[[0;32m  OK  [0m] Listening on udev Control Socket.
         Starting udev Coldplug all Devices...
[   11.365481] Loading iSCSI transport class v2.0-870.
         Starting File System Check on Root Device...
[[0;32m  OK  [0m] Listening on Journal Audit Socket.
[[0;32m  OK  [0m] Listening on LVM2 poll daemon socket.
         Starting Journal Service...
[[0;32m  OK  [0m] Listening on Device-mapper event daemon FIFOs.
[[0;32m  OK  [0m] Reached target Mounting snaps.
[[0;32m  OK  [0m] Listening on LVM2 metadata daemon socket.
         Starting Monitoring of LVM2 mirrorsâ€¦ng dmeventd or progress polling...
         Mounting POSIX Message Queue File System...
[[0;32m  OK  [0m] Reached target System Time Synchronized.[   11.463671] iscsi: registered transport (tcp)

[[0;32m  OK  [0m] Reached target Mounted snaps.
[[0;32m  OK  [0m] Started Create list of required staâ€¦vice nodes for the current kernel.
[[0;32m  OK  [0m] Mounted Huge Pages File System.
[[0;32m  OK  [0m] Mounted Kernel Debug File System.
[[0;32m  OK  [0m] Started Uncomplicated firewall.
[[0;32m  OK  [0m] Mounted POSIX Message Queue File System.
[[0;32m  OK  [0m] Started Journal Service.
[[0;32m  OK  [0m] Started File System Check Daemon to report status.
[[0;32m  OK  [0m] Started LVM2 metadata daemon.
         Starting Create Static Device Nodes in /dev...
[[0;32m  OK  [0m] Started File System Check on Root Device.
         Starting Remount Root and Kernel File Systems...
[[0;32m  OK  [0m] Started udev Coldplug all Devices.
[[0;32m  OK  [0m] Started Create Static Device Nodes in /dev.
[[0;32m  OK  [0m] Started Monitoring of LVM2 mirrors,â€¦sing dmeventd or progress polling.[   11.754932] EXT4-fs (sda1): re-mounted. Opts: (null)

[[0;32m  OK  [0m] Started Remount Root and Kernel File Systems.[   11.774612] iscsi: registered transport (iser)

         Starting udev Kernel Device Manager...
         Starting Load/Save Random Seed...
         Starting Flush Journal to Persistent Storage...
[[0;32m  OK  [0m] Started Load Kernel Modules.
         Starting Apply Kernel Variables...
         Mounting FUSE Control File System...
         Mounting Kernel Configuration File System...
[[0;32m  OK  [0m] Mounted FUSE Control File System.
[[0;32m  OK  [0m] Mounted Kernel Configuration File System.
[[0;32m  OK  [0m] Started udev Kernel Device Manager.
[[0;32m  OK  [0m] Started Load/Save Random Seed.
[   11.933047] systemd-journald[410]: Received request to flush runtime journal from PID 1
[[0;32m  OK  [0m] Started Apply Kernel Variables.
[[0;32m  OK  [0m] Started Flush Journal to Persistent Storage.
[[0;32m  OK  [0m] Found device /dev/ttyS0.
[[0;32m  OK  [0m] Listening on Load/Save RF Kill Switch Status /dev/rfkill Watch.
[[0;32m  OK  [0m] Started Set the console keyboard layout.
         Mounting Arbitrary Executable File Formats File System...
[[0;32m  OK  [0m] Started Dispatch Password Requests to Console Directory Watch.
[[0;32m  OK  [0m] Reached target Local Encrypted Volumes.
[[0;32m  OK  [0m] Reached target Local File Systems (Pre).
[[0;32m  OK  [0m] Reached target Local File Systems.
         Starting Set console font and keymap...
         Starting ebtables ruleset management...
         Starting Create Volatile Files and Directories...
         Starting Commit a transient machine-id on disk...
         Starting AppArmor initialization...
         Starting Tell Plymouth To Write Out Runtime Data...
[[0;32m  OK  [0m] Started Set console font and keymap.
[[0;32m  OK  [0m] Started Create Volatile Files and Directories.
         Starting Update UTMP about System Boot/Shutdown...
[[0;32m  OK  [0m] Started Tell Plymouth To Write Out Runtime Data.
[[0;32m  OK  [0m] Mounted Arbitrary Executable File Formats File System.
[[0;32m  OK  [0m] Started Update UTMP about System Boot/Shutdown.
[[0;32m  OK  [0m] Started Commit a transient machine-id on disk.
[[0;32m  OK  [0m] Started ebtables ruleset management.
[[0;32m  OK  [0m] Started AppArmor initialization.
         Starting Initial cloud-init job (pre-networking)...
         Starting Load AppArmor profiles managed internally by snapd...
[[0;32m  OK  [0m] Started Load AppArmor profiles managed internally by snapd.
[   16.465515] cloud-init[596]: Cloud-init v. 23.1.1-0ubuntu0~18.04.1 running 'init-local' at Tue, 28 Mar 2023 17:03:15 +0000. Up 15.95 seconds.
[[0;32m  OK  [0m] Started Initial cloud-init job (pre-networking).
[[0;32m  OK  [0m] Reached target Network (Pre).
         Starting Network Service...
[[0;32m  OK  [0m] Started Network Service.
         Starting Network Name Resolution...
         Starting Wait for Network to be Configured...
[[0;32m  OK  [0m] Started Network Name Resolution.
[[0;32m  OK  [0m] Reached target Host and Network Name Lookups.
[[0;32m  OK  [0m] Reached target Network.
[[0;32m  OK  [0m] Started Wait for Network to be Configured.
         Starting Initial cloud-init job (metadata service crawler)...
[   18.570366] cloud-init[725]: Cloud-init v. 23.1.1-0ubuntu0~18.04.1 running 'init' at Tue, 28 Mar 2023 17:03:17 +0000. Up 18.37 seconds.
[   18.581335] cloud-init[725]: ci-info: ++++++++++++++++++++++++++++++++++++++Net device info++++++++++++++++++++++++++++++++++++++
[   18.590663] cloud-init[725]: ci-info: +--------+-------+---------------------------+---------------+--------+-------------------+
[   18.601689] cloud-init[725]: ci-info: | Device |   Up  |          Address          |      Mask     | Scope  |     Hw-Address    |
[   18.611238] cloud-init[725]: ci-info: +--------+-------+---------------------------+---------------+--------+-------------------+
[   18.621259] cloud-init[725]: ci-info: | enp0s3 |  True |         10.0.2.15         | 255.255.255.0 | global | 02:68:0a:01:d2:87 |
[   18.630310] cloud-init[725]: ci-info: | enp0s3 |  True | fe80::68:aff:fe01:d287/64 |       .       |  link  | 02:68:0a:01:d2:87 |
[   18.639517] cloud-init[725]: ci-info: | enp0s8 | False |             .             |       .       |   .    | 08:00:27:a1:dd:39 |
[   18.648485] cloud-init[725]: ci-info: |   lo   |  True |         127.0.0.1         |   255.0.0.0   |  host  |         .         |
[   18.660002] cloud-init[725]: ci-info: |   lo   |  True |          ::1/128          |       .       |  host  |         .         |
[   18.664677] cloud-init[725]: ci-info: +--------+-------+---------------------------+---------------+--------+-------------------+
[   18.669331] cloud-init[725]: ci-info: ++++++++++++++++++++++++++++Route IPv4 info+++++++++++++++++++++++++++++
[   18.673240] cloud-init[725]: ci-info: +-------+-------------+----------+-----------------+-----------+-------+
[   18.679386] cloud-init[725]: ci-info: | Route | Destination | Gateway  |     Genmask     | Interface | Flags |
[   18.683394] cloud-init[725]: ci-info: +-------+-------------+----------+-----------------+-----------+-------+
[   18.687363] cloud-init[725]: ci-info: |   0   |   0.0.0.0   | 10.0.2.2 |     0.0.0.0     |   enp0s3  |   UG  |
[   18.691299] cloud-init[725]: ci-info: |   1   |   10.0.2.0  | 0.0.0.0  |  255.255.255.0  |   enp0s3  |   U   |
[   18.695226] cloud-init[725]: ci-info: |   2   |   10.0.2.2  | 0.0.0.0  | 255.255.255.255 |   enp0s3  |   UH  |
[   18.699558] cloud-init[725]: ci-info: +-------+-------------+----------+-----------------+-----------+-------+
[   18.704517] cloud-init[725]: ci-info: +++++++++++++++++++Route IPv6 info+++++++++++++++++++
[   18.707784] cloud-init[725]: ci-info: +-------+-------------+---------+-----------+-------+
[   18.711184] cloud-init[725]: ci-info: | Route | Destination | Gateway | Interface | Flags |
[   18.714547] cloud-init[725]: ci-info: +-------+-------------+---------+-----------+-------+
[   18.717819] cloud-init[725]: ci-info: |   1   |  fe80::/64  |    ::   |   enp0s3  |   U   |
[   18.721451] cloud-init[725]: ci-info: |   3   |    local    |    ::   |   enp0s3  |   U   |
[   18.724618] cloud-init[725]: ci-info: |   4   |   ff00::/8  |    ::   |   enp0s3  |   U   |
[   18.727971] cloud-init[725]: ci-info: +-------+-------------+---------+-----------+-------+
[   19.632213] cloud-init[725]: Generating public/private rsa key pair.
[   19.639603] cloud-init[725]: Your identification has been saved in /etc/ssh/ssh_host_rsa_key.
[   19.649168] cloud-init[725]: Your public key has been saved in /etc/ssh/ssh_host_rsa_key.pub.
[   19.657822] cloud-init[725]: The key fingerprint is:
[   19.664837] cloud-init[725]: SHA256:crcCZLK+iHhqRFCEtimD4ZER/AMKgtsnc/KAQW0IMcg root@ubuntu-bionic
[   19.673447] cloud-init[725]: The key's randomart image is:
[   19.680170] cloud-init[725]: +---[RSA 2048]----+
[   19.686352] cloud-init[725]: |@OO              |
[   19.692987] cloud-init[725]: |XE o             |
[   19.699367] cloud-init[725]: |O*B . o          |[[0;32m  OK  [0m
[   19.706520] cloud-init[725]: |B=*oo=           |
[   19.706718] cloud-init[725]: |o. Oo o S .      |
[   19.706760] cloud-init[725]: | . ..  + . .     |
[   19.707232] cloud-init[725]: |.   .   . .      |
[   19.707283] cloud-init[725]: |.o.. .   .       |
[   19.707329] cloud-init[725]: |=o. .            |
[   19.707769] cloud-init[725]: +----[SHA256]-----+
[   19.708843] cloud-init[725]: Generating public/private dsa key pair.
[   19.709213] cloud-init[725]: Your identification has been saved in /etc/ssh/ssh_host_dsa_key.
[   19.709760] cloud-init[725]: Your public key has been saved in /etc/ssh/ssh_host_dsa_key.pub.
[   19.710190] cloud-init[725]: The key fingerprint is:
[   19.710567] cloud-init[725]: SHA256:1/29zBqKfN+z9EfzNLv8kAREqU6g5K4oXPcgSA98rAE root@ubuntu-bionic
[   19.711031] cloud-init[725]: The key's randomart image is:
[   19.711453] cloud-init[725]: +---[DSA 1024]----+
[   19.711852] cloud-init[725]: |           .o.   |
[   19.712694] cloud-init[725]: |E     . .  ..    |
[   19.713079] cloud-init[725]: |o .  o . . ..    |
[   19.713471] cloud-init[725]: | = o  o   o. o   |
[   19.713881] cloud-init[725]: |. B  .  So. . o  |
[   19.714394] cloud-init[725]: | o + o.  ..  . =+|
[   19.714783] cloud-init[725]: |. ..o.o      .o+B|
[   19.715202] cloud-init[725]: |... .  .. ... B+=|
[   19.715654] cloud-init[725]: | .       o...o.OO|
[   19.716040] cloud-init[725]: +----[SHA256]-----+
[   19.717037] cloud-init[725]: Generating public/private ecdsa key pair.
[   19.717552] cloud-init[725]: Your identification has been saved in /etc/ssh/ssh_host_ecdsa_key.
[   19.717918] cloud-init[725]: Your public key has been saved in /etc/ssh/ssh_host_ecdsa_key.pub.
[   19.718308] cloud-init[725]: The key fingerprint is:
[   19.718807] cloud-init[725]: SHA256:GDtLy2Q0QCtH6BheBrNM9hYbRjcAlFqe1eeAocYVQ7I root@ubuntu-bionic
[   19.719212] cloud-init[725]: The key's randomart image is:
[   19.719668] cloud-init[725]: +---[ECDSA 256]---+
[   19.720648] cloud-init[725]: |.B*X@B           |
[   19.721046] cloud-init[725]: |=oBOB++ .        |
[   19.721485] cloud-init[725]: |oOE*o ++         |
[   19.721872] cloud-init[725]: |oo=o . =.        |
[   19.722368] cloud-init[725]: |      B S        |
[   19.722762] cloud-init[725]: |     = +         |
[   19.723152] cloud-init[725]: |      +          |
[   19.723618] cloud-init[725]: |                 |
[   19.724600] cloud-init[725]: |                 |
[   19.724982] cloud-init[725]: +----[SHA256]-----+
[   19.725508] cloud-init[725]: Generating public/private ed25519 key pair.
[   19.725893] cloud-init[725]: Your identification has been saved in /etc/ssh/ssh_host_ed25519_key.
[   19.726278] cloud-init[725]: Your public key has been saved in /etc/ssh/ssh_host_ed25519_key.pub.
[   19.726689] cloud-init[725]: The key fingerprint is:
[   19.727051] cloud-init[725]: SHA256:8qIv/OPigFaU/sOOvxyqIYvPi7w2giDZTGpAfazCvxI root@ubuntu-bionic
[   19.727086] cloud-init[725]: The key's randomart image is:
[   19.727115] cloud-init[725]: +--[ED25519 256]--+
[   19.727153] cloud-init[725]: |  . .            |
[   19.727182] cloud-init[725]: | . ..o           |
[   19.727215] cloud-init[725]: |o  oo            |
[   19.727245] cloud-init[725]: |.o+.             |
[   19.727273] cloud-init[725]: |.*oo  . S        |
[   19.727799] cloud-init[725]: |=E+.o  o         |
[   19.728745] cloud-init[725]: |Boo..=. .        |
[   19.728814] cloud-init[725]: |BB.oO.+.         |
[   19.730272] cloud-init[725]: |*=O=+@=.         |
[   19.730580] cloud-init[725]: +----[SHA256]-----+
] Started Initial cloud-init job (metadata service crawler).
[[0;32m  OK  [0m] Reached target System Initialization.
[[0;32m  OK  [0m] Started Ubuntu Advantage Timer for running repeated jobs.
[[0;32m  OK  [0m] Listening on UUID daemon activation socket.
[[0;32m  OK  [0m] Started Message of the Day.
[[0;32m  OK  [0m] Started Daily Cleanup of Temporary Directories.
[[0;32m  OK  [0m] Started ACPI Events Check.
[[0;32m  OK  [0m] Reached target Paths.
[[0;32m  OK  [0m] Started Daily apt download activities.
[[0;32m  OK  [0m] Started Daily apt upgrade and clean activities.
[[0;32m  OK  [0m] Listening on D-Bus System Message Bus Socket.
         Starting LXD - unix socket.
[[0;32m  OK  [0m] Started Discard unused blocks once a week.
[[0;32m  OK  [0m] Reached target Timers.
         Starting Socket activation for snappy daemon.
[[0;32m  OK  [0m] Listening on cloud-init hotplug hook socket.
[[0;32m  OK  [0m] Listening on ACPID Listen Socket.
[[0;32m  OK  [0m] Listening on Open-iSCSI iscsid Socket.
[[0;32m  OK  [0m] Reached target Network is Online.
         Starting Availability of block devices...
[[0;32m  OK  [0m] Reached target Remote File Systems (Pre).
[[0;32m  OK  [0m] Reached target Remote File Systems.
[[0;32m  OK  [0m] Reached target Cloud-config availability.
[[0;32m  OK  [0m] Listening on LXD - unix socket.
[[0;32m  OK  [0m] Listening on Socket activation for snappy daemon.
[[0;32m  OK  [0m] Started Availability of block devices.
[[0;32m  OK  [0m] Reached target Sockets.
[[0;32m  OK  [0m] Reached target Basic System.
[[0;32m  OK  [0m] Started irqbalance daemon.
         Starting Pollinate to seed the pseudo random number generator...
         Starting Virtualbox guest utils...
         Starting Accounts Service...
         Starting Dispatcher daemon for systemd-networkd...
[[0;32m  OK  [0m] Reached target Login Prompts (Pre).
[[0;32m  OK  [0m] Started Regular background program processing daemon.
[[0;32m  OK  [0m] Started D-Bus System Message Bus.
         Starting Login Service...
         Starting System Logging Service...
         Starting Permit User Sessions...
         Starting Snap Daemon...
         Starting LSB: automatic crash report generation...
[[0;32m  OK  [0m] Started FUSE filesystem for LXC.
[[0;32m  OK  [0m] Started Deferred execution scheduler.
         Starting LSB: Record successful boot for GRUB...
         Starting LXD - container startup/shutdown...
[[0;32m  OK  [0m] Started System Logging Service.
[[0;32m  OK  [0m] Started Permit User Sessions.
[[0;32m  OK  [0m] Started Login Service.
[[0;32m  OK  [0m] Started Unattended Upgrades Shutdown.
         Starting Authorization Manager...
         Starting Terminate Plymouth Boot Screen...
         Starting Hold until boot process finishes up...
[[0;32m  OK  [0m] Started Hold until boot process finishes up.
         Starting Set console scheme...
[[0;32m  OK  [0m] Started Serial Getty on ttyS0.
[[0;32m  OK  [0m] Started Terminate Plymouth Boot Screen.
[[0;32m  OK  [0m] Started Set console scheme.
[[0;32m  OK  [0m] Created slice system-getty.slice.
[[0;32m  OK  [0m] Started Getty on tty1.
[[0;32m  OK  [0m] Reached target Login Prompts.
[[0;32m  OK  [0m] Started LSB: automatic crash report generation.
[[0;32m  OK  [0m] Started Authorization Manager.
[[0;32m  OK  [0m] Started Accounts Service.
[[0;32m  OK  [0m] Started LSB: Record successful boot for GRUB.
[[0;32m  OK  [0m] Started Virtualbox guest utils.
[[0;32m  OK  [0m] Started LXD - container startup/shutdown.
[[0;32m  OK  [0m] Started Dispatcher daemon for systemd-networkd.
[[0;32m  OK  [0m] Started Snap Daemon.
         Starting Wait until snapd is fully seeded...
         Starting Time & Date Service...
[[0;32m  OK  [0m] Started Time & Date Service.
[[0;32m  OK  [0m] Started Wait until snapd is fully seeded.
         Starting Apply the settings specified in cloud-config...
[   24.975716] cloud-init[1182]: Cloud-init v. 23.1.1-0ubuntu0~18.04.1 running 'modules:config' at Tue, 28 Mar 2023 17:03:23 +0000. Up 24.27 seconds.
[[0;32m  OK  [0m] Started Apply the settings specified in cloud-config.

Ubuntu 18.04.6 LTS ubuntu-bionic ttyS0

ubuntu-bionic login: ci-info: no authorized SSH keys fingerprints found for user ubuntu.
<14>Mar 28 17:03:25 cloud-init: #############################################################
<14>Mar 28 17:03:25 cloud-init: -----BEGIN SSH HOST KEY FINGERPRINTS-----
<14>Mar 28 17:03:25 cloud-init: 1024 SHA256:1/29zBqKfN+z9EfzNLv8kAREqU6g5K4oXPcgSA98rAE root@ubuntu-bionic (DSA)
<14>Mar 28 17:03:25 cloud-init: 256 SHA256:GDtLy2Q0QCtH6BheBrNM9hYbRjcAlFqe1eeAocYVQ7I root@ubuntu-bionic (ECDSA)
<14>Mar 28 17:03:25 cloud-init: 256 SHA256:8qIv/OPigFaU/sOOvxyqIYvPi7w2giDZTGpAfazCvxI root@ubuntu-bionic (ED25519)
<14>Mar 28 17:03:25 cloud-init: 2048 SHA256:crcCZLK+iHhqRFCEtimD4ZER/AMKgtsnc/KAQW0IMcg root@ubuntu-bionic (RSA)
<14>Mar 28 17:03:25 cloud-init: -----END SSH HOST KEY FINGERPRINTS-----
<14>Mar 28 17:03:25 cloud-init: #############################################################
-----BEGIN SSH HOST KEY KEYS-----
ecdsa-sha2-nistp256 AAAAE2VjZHNhLXNoYTItbmlzdHAyNTYAAAAIbmlzdHAyNTYAAABBBGrsejO9VeVIJQmCoFfQHZBW6rp5w3XmkqmJnij0jDjWwrBRgumaQ3HLXpbzElMtuRS1zrtgxKKrvCgQpyCKrAs= root@ubuntu-bionic
ssh-ed25519 AAAAC3NzaC1lZDI1NTE5AAAAIH5EMX0ww+DYpc1w+pyL7/BJqeYu5B3OfZyy7sjVNuxn root@ubuntu-bionic
ssh-rsa AAAAB3NzaC1yc2EAAAADAQABAAABAQCZNUt3QCQqeliT5LTo50pC66aI46oaMOCm3yHAQomV6rY0IiuJoWk5HOienRIQxUyt8KYJvoH9w/0hLrseVhvF0X2ErR1j7Q+R159Xy40UeZX3xu8xqhSZxBnyfLDrOPumP9CeCntDfDqcxs4lqiXYQJn4F5t7aIsYHf1l96LGiaQ302t2tSsgBlMkZfkddRktp19ih6r7wseAyEEQMGuEzXgiQkAx7d46jdvScck250Zpd4wG6jBDUn9jbvSlUgaCaEWaKu6CBrBw4irzgg53YROi7JTggJDdPIzKYfWkhCRhT3bcKoHDCExBFJEre1xlf5qcNZ5Be0nhCimIhe/7 root@ubuntu-bionic
-----END SSH HOST KEY KEYS-----
[   26.951130] cloud-init[1290]: Cloud-init v. 23.1.1-0ubuntu0~18.04.1 running 'modules:final' at Tue, 28 Mar 2023 17:03:25 +0000. Up 26.51 seconds.
[   26.974035] cloud-init[1290]: Cloud-init v. 23.1.1-0ubuntu0~18.04.1 finished at Tue, 28 Mar 2023 17:03:26 +0000. Datasource DataSourceNoCloud [seed=/dev/sdb][dsmode=net].  Up 26.89 seconds
